INFO:root:Starting CreateBarcode application
INFO:root:Exiting CreateBarcode application
INFO:root:Starting CreateBarcode application
INFO:root:C:/Users/rawli/OneDrive/Music/Pictures/Screenshots/IMG_E9219.JPG
INFO:root:Starting CreateBarcode application
INFO:root:C:/Users/rawli/OneDrive/Music/Pictures/Screenshots/IMG_E9219.JPG
INFO:root:Exiting CreateBarcode application
INFO:root:Starting CreateBarcode application
INFO:root:C:/Users/rawli/OneDrive/Music/Pictures/Screenshots/IMG_E9219.JPG
INFO:root:Exiting CreateBarcode application
INFO:root:Starting CreateBarcode application
INFO:root:C:/Users/rawli/OneDrive/Music/Pictures/Screenshots/IMG_E9219.JPG
INFO:root:Exiting CreateBarcode application
INFO:root:Starting CreateBarcode application
INFO:root:C:/Users/rawli/OneDrive/Music/Pictures/Screenshots/IMG_E9219.JPG
INFO:root:Exiting CreateBarcode application
INFO:root:Starting CreateBarcode application
INFO:root:C:/Users/rawli/OneDrive/Music/Pictures/Screenshots/IMG_E9219.JPG
INFO:root:Exiting CreateBarcode application
INFO:root:Starting CreateBarcode application
INFO:root:C:/Users/rawli/OneDrive/Music/Pictures/Screenshots/IMG_E9219.JPG
INFO:root:Exiting CreateBarcode application
INFO:root:Starting CreateBarcode application
INFO:root:C:/Users/rawli/OneDrive/Music/Pictures/Screenshots/IMG_E9219.JPG
INFO:root:Exiting CreateBarcode application
INFO:root:Starting CreateBarcode application
INFO:root:C:/Users/rawli/OneDrive/Music/Pictures/Screenshots/IMG_E9219.JPG
INFO:root:Starting CreateBarcode application
INFO:root:C:/Users/rawli/OneDrive/Music/Pictures/Screenshots/IMG_E9219.JPG
INFO:root:Exiting CreateBarcode application
INFO:root:Starting CreateBarcode application
INFO:root:C:/Users/rawli/OneDrive/Music/Pictures/Screenshots/IMG_E9219.JPG
INFO:root:Exiting CreateBarcode application
INFO:root:Starting CreateBarcode application
INFO:root:C:/Users/rawli/OneDrive/Music/Pictures/Screenshots/IMG_E9219.JPG
INFO:root:Exiting CreateBarcode application
INFO:root:Starting CreateBarcode application
INFO:root:C:/Users/rawli/OneDrive/Music/Pictures/Screenshots/IMG_E9219.JPG
INFO:root:Exiting CreateBarcode application
